
> new-extension-2-0@0.0.0 build
> vite build

[36mvite v8.0.8 [32mbuilding client environment for production...[36m[39m
[2K
transforming...Ô£ô 1747 modules transformed.
rendering chunks...
node.exe : [31mÔ£ù[39m Build failed in 1.90s
At line:1 char:1
+ & "C:\Program Files\nodejs/node.exe" "C:\Users\shaho\AppData\Roaming\ ...
+ ~~~~~~~~~~~~~~~~~~~~~~~~~~~~~~~~~~~~~~~~~~~~~~~~~~~~~~~~~~~~~~~~~~~~~
    + CategoryInfo          : NotSpecified: ([31mÔ£ù[39m Build failed in 1.90s:String) [], RemoteException
    + FullyQualifiedErrorId : NativeCommandError
 
[31merror during build:
[31mBuild failed with 1 error:

[31m[MISSING_EXPORT] Error:[0m "Blur" is not exported by "node_modules/lucide-react/dist/esm/lucide-react.js".
   [38;5;246mÔò¡[0m[38;5;246mÔöÇ[0m[38;5;246m[[0m src/components/ui/AppearanceModal.jsx:2:27 [38;5;246m][0m
   [38;5;246mÔöé[0m
 [38;5;246m2 Ôöé[0m 
[38;5;249mi[0m[38;5;249mm[0m[38;5;249mp[0m[38;5;249mo[0m[38;5;249mr[0m[38;5;249mt[0m[38;5;249m 
[0m[38;5;249m{[0m[38;5;249m [0m[38;5;249mX[0m[38;5;249m,[0m[38;5;249m [0m[38;5;249mS[0m[38;5;249ml[0m[3
8;5;249mi[0m[38;5;249md[0m[38;5;249me[0m[38;5;249mr[0m[38;5;249ms[0m[38;5;249m,[0m[38;5;249m 
[0m[38;5;249mS[0m[38;5;249mu[0m[38;5;249mn[0m[38;5;249m,[0m[38;5;249m [0mBlur[38;5;249m 
[0m[38;5;249m}[0m[38;5;249m [0m[38;5;249mf[0m[38;5;249mr[0m[38;5;249mo[0m[38;5;249mm[0m[38;5;249m [0m[3
8;5;249m"[0m[38;5;249ml[0m[38;5;249mu[0m[38;5;249mc[0m[38;5;249mi[0m[38;5;249md[0m[38;5;249me[0m[38;5;249
m-[0m[38;5;249mr[0m[38;5;249me[0m[38;5;249ma[0m[38;5;249mc[0m[38;5;249mt[0m[38;5;249m"[0m[38;5;249m;[0m
 [38;5;240m  Ôöé[0m                           ÔöÇÔöÇÔö¼ÔöÇ  
 [38;5;240m  Ôöé[0m                             Ôò░ÔöÇÔöÇÔöÇ Missing export
[38;5;246mÔöÇÔöÇÔöÇÔò»[0m
[31m
    at aggregateBindingErrorsIntoJsError (file:///C:/Users/shaho/OneDrive/Desktop/New%20Extension%202.0/node_modules/ro
lldown/dist/shared/error-w0u7biK-.mjs:48:18)
    at unwrapBindingResult (file:///C:/Users/shaho/OneDrive/Desktop/New%20Extension%202.0/node_modules/rolldown/dist/sh
ared/error-w0u7biK-.mjs:18:128)
    at #build (file:///C:/Users/shaho/OneDrive/Desktop/New%20Extension%202.0/node_modules/rolldown/dist/shared/rolldown
-build-DtGk-m96.mjs:3313:34)
    at async buildEnvironment 
(file:///C:/Users/shaho/OneDrive/Desktop/New%20Extension%202.0/node_modules/vite/dist/node/chunks/node.js:32954:64)
    at async Object.build 
(file:///C:/Users/shaho/OneDrive/Desktop/New%20Extension%202.0/node_modules/vite/dist/node/chunks/node.js:33376:19)
    at async Object.buildApp 
(file:///C:/Users/shaho/OneDrive/Desktop/New%20Extension%202.0/node_modules/vite/dist/node/chunks/node.js:33373:153)
    at async CAC.<anonymous> 
(file:///C:/Users/shaho/OneDrive/Desktop/New%20Extension%202.0/node_modules/vite/dist/node/cli.js:778:3) {
  errors: [Getter/Setter]
}[39m
